<unittest.runner.TextTestResult run=2 errors=0 failures=0>